This is pdfTeX, Version 3.141592653-2.6-1.40.27 (MiKTeX 25.4) (preloaded format=pdflatex 2025.10.16)  23 DEC 2025 22:49
entering extended mode
 restricted \write18 enabled.
 %&-line parsing enabled.
**./STCS6701_FinalProject_Report_Lewis.tex
(STCS6701_FinalProject_Report_Lewis.tex
LaTeX2e <2025-06-01> patch level 1
L3 programming layer <2025-09-02>
(C:\Users\dhl\AppData\Local\Programs\MiKTeX\tex/latex/base\article.cls
Document Class: article 2025/01/22 v1.4n Standard LaTeX document class
(C:\Users\dhl\AppData\Local\Programs\MiKTeX\tex/latex/base\size10.clo
File: size10.clo 2025/01/22 v1.4n Standard LaTeX file (size option)
)
\c@part=\count275
\c@section=\count276
\c@subsection=\count277
\c@subsubsection=\count278
\c@paragraph=\count279
\c@subparagraph=\count280
\c@figure=\count281
\c@table=\count282
\abovecaptionskip=\skip49
\belowcaptionskip=\skip50
\bibindent=\dimen148
)
(C:\Users\dhl\AppData\Local\Programs\MiKTeX\tex/latex/amsmath\amsmath.sty
Package: amsmath 2025/06/16 v2.17y AMS math features
\@mathmargin=\skip51

For additional information on amsmath, use the `?' option.
(C:\Users\dhl\AppData\Local\Programs\MiKTeX\tex/latex/amsmath\amstext.sty
Package: amstext 2024/11/17 v2.01 AMS text

(C:\Users\dhl\AppData\Local\Programs\MiKTeX\tex/latex/amsmath\amsgen.sty
File: amsgen.sty 1999/11/30 v2.0 generic functions
\@emptytoks=\toks17
\ex@=\dimen149
))
(C:\Users\dhl\AppData\Local\Programs\MiKTeX\tex/latex/amsmath\amsbsy.sty
Package: amsbsy 1999/11/29 v1.2d Bold Symbols
\pmbraise@=\dimen150
)
(C:\Users\dhl\AppData\Local\Programs\MiKTeX\tex/latex/amsmath\amsopn.sty
Package: amsopn 2022/04/08 v2.04 operator names
)
\inf@bad=\count283
LaTeX Info: Redefining \frac on input line 233.
\uproot@=\count284
\leftroot@=\count285
LaTeX Info: Redefining \overline on input line 398.
LaTeX Info: Redefining \colon on input line 409.
\classnum@=\count286
\DOTSCASE@=\count287
LaTeX Info: Redefining \ldots on input line 495.
LaTeX Info: Redefining \dots on input line 498.
LaTeX Info: Redefining \cdots on input line 619.
\Mathstrutbox@=\box53
\strutbox@=\box54
LaTeX Info: Redefining \big on input line 721.
LaTeX Info: Redefining \Big on input line 722.
LaTeX Info: Redefining \bigg on input line 723.
LaTeX Info: Redefining \Bigg on input line 724.
\big@size=\dimen151
LaTeX Font Info:    Redeclaring font encoding OML on input line 742.
LaTeX Font Info:    Redeclaring font encoding OMS on input line 743.
\macc@depth=\count288
LaTeX Info: Redefining \bmod on input line 904.
LaTeX Info: Redefining \pmod on input line 909.
LaTeX Info: Redefining \smash on input line 939.
LaTeX Info: Redefining \relbar on input line 969.
LaTeX Info: Redefining \Relbar on input line 970.
\c@MaxMatrixCols=\count289
\dotsspace@=\muskip17
\c@parentequation=\count290
\dspbrk@lvl=\count291
\tag@help=\toks18
\row@=\count292
\column@=\count293
\maxfields@=\count294
\andhelp@=\toks19
\eqnshift@=\dimen152
\alignsep@=\dimen153
\tagshift@=\dimen154
\tagwidth@=\dimen155
\totwidth@=\dimen156
\lineht@=\dimen157
\@envbody=\toks20
\multlinegap=\skip52
\multlinetaggap=\skip53
\mathdisplay@stack=\toks21
LaTeX Info: Redefining \[ on input line 2949.
LaTeX Info: Redefining \] on input line 2950.
)
(C:\Users\dhl\AppData\Local\Programs\MiKTeX\tex/latex/amsfonts\amssymb.sty
Package: amssymb 2013/01/14 v3.01 AMS font symbols

(C:\Users\dhl\AppData\Local\Programs\MiKTeX\tex/latex/amsfonts\amsfonts.sty
Package: amsfonts 2013/01/14 v3.01 Basic AMSFonts support
\symAMSa=\mathgroup4
\symAMSb=\mathgroup5
LaTeX Font Info:    Redeclaring math symbol \hbar on input line 98.
LaTeX Font Info:    Overwriting math alphabet `\mathfrak' in version `bold'
(Font)                  U/euf/m/n --> U/euf/b/n on input line 106.
))
(C:\Users\dhl\AppData\Local\Programs\MiKTeX\tex/latex/amscls\amsthm.sty
Package: amsthm 2020/05/29 v2.20.6
\thm@style=\toks22
\thm@bodyfont=\toks23
\thm@headfont=\toks24
\thm@notefont=\toks25
\thm@headpunct=\toks26
\thm@preskip=\skip54
\thm@postskip=\skip55
\thm@headsep=\skip56
\dth@everypar=\toks27
)
(C:\Users\dhl\AppData\Local\Programs\MiKTeX\tex/latex/enumitem\enumitem.sty
Package: enumitem 2025/02/06 v3.11 Customized lists
\enitkv@toks@=\toks28
\labelindent=\skip57
\enit@outerparindent=\dimen158
\enit@toks=\toks29
\enit@inbox=\box55
\enit@count@id=\count295
\enitdp@description=\count296
)
(C:\Users\dhl\AppData\Local\Programs\MiKTeX\tex/latex/booktabs\booktabs.sty
Package: booktabs 2020/01/12 v1.61803398 Publication quality tables
\heavyrulewidth=\dimen159
\lightrulewidth=\dimen160
\cmidrulewidth=\dimen161
\belowrulesep=\dimen162
\belowbottomsep=\dimen163
\aboverulesep=\dimen164
\abovetopsep=\dimen165
\cmidrulesep=\dimen166
\cmidrulekern=\dimen167
\defaultaddspace=\dimen168
\@cmidla=\count297
\@cmidlb=\count298
\@aboverulesep=\dimen169
\@belowrulesep=\dimen170
\@thisruleclass=\count299
\@lastruleclass=\count300
\@thisrulewidth=\dimen171
)
(icml2025.sty
Package: icml2025 2025/01/01 v1.0 ICML 2025 Style

ICML 2025 Style loaded
(C:\Users\dhl\AppData\Local\Programs\MiKTeX\tex/latex/graphics\graphicx.sty
Package: graphicx 2024/12/31 v1.2e Enhanced LaTeX Graphics (DPC,SPQR)

(C:\Users\dhl\AppData\Local\Programs\MiKTeX\tex/latex/graphics\keyval.sty
Package: keyval 2022/05/29 v1.15 key=value parser (DPC)
\KV@toks@=\toks30
)
(C:\Users\dhl\AppData\Local\Programs\MiKTeX\tex/latex/graphics\graphics.sty
Package: graphics 2024/08/06 v1.4g Standard LaTeX Graphics (DPC,SPQR)

(C:\Users\dhl\AppData\Local\Programs\MiKTeX\tex/latex/graphics\trig.sty
Package: trig 2023/12/02 v1.11 sin cos tan (DPC)
)
(C:\Users\dhl\AppData\Local\Programs\MiKTeX\tex/latex/graphics-cfg\graphics.cfg
File: graphics.cfg 2016/06/04 v1.11 sample graphics configuration
)
Package graphics Info: Driver file: pdftex.def on input line 106.
 (C:\Users\dhl\AppData\Local\Programs\MiKTeX\tex/latex/graphics-def\pdftex.def
File: pdftex.def 2025/09/29 v1.2d Graphics/color driver for pdftex
))
\Gin@req@height=\dimen172
\Gin@req@width=\dimen173
) (C:\Users\dhl\AppData\Local\Programs\MiKTeX\tex/latex/fancyhdr\fancyhdr.sty
Package: fancyhdr 2025/02/07 v5.2 Extensive control of page headers and footers

\f@nch@headwidth=\skip58
\f@nch@offset@elh=\skip59
\f@nch@offset@erh=\skip60
\f@nch@offset@olh=\skip61
\f@nch@offset@orh=\skip62
\f@nch@offset@elf=\skip63
\f@nch@offset@erf=\skip64
\f@nch@offset@olf=\skip65
\f@nch@offset@orf=\skip66
\f@nch@height=\skip67
\f@nch@footalignment=\skip68
\f@nch@widthL=\skip69
\f@nch@widthC=\skip70
\f@nch@widthR=\skip71
\@temptokenb=\toks31
) (C:\Users\dhl\AppData\Local\Programs\MiKTeX\tex/latex/url\url.sty
\Urlmuskip=\muskip18
Package: url 2013/09/16  ver 3.4  Verb mode for urls, etc.
)
(C:\Users\dhl\AppData\Local\Programs\MiKTeX\tex/latex/algorithms\algorithm.sty
Package: algorithm 2009/08/24 v0.1 Document Style `algorithm' - floating enviro
nment

(C:\Users\dhl\AppData\Local\Programs\MiKTeX\tex/latex/float\float.sty
Package: float 2001/11/08 v1.3d Float enhancements (AL)
\c@float@type=\count301
\float@exts=\toks32
\float@box=\box56
\@float@everytoks=\toks33
\@floatcapt=\box57
)
(C:\Users\dhl\AppData\Local\Programs\MiKTeX\tex/latex/base\ifthen.sty
Package: ifthen 2024/03/16 v1.1e Standard LaTeX ifthen package (DPC)
)
\@float@every@algorithm=\toks34
\c@algorithm=\count302
)
(C:\Users\dhl\AppData\Local\Programs\MiKTeX\tex/latex/algorithms\algorithmic.st
y
Package: algorithmic 2009/08/24 v0.1 Document Style `algorithmic'
\c@ALC@unique=\count303
\c@ALC@line=\count304
\c@ALC@rem=\count305
\c@ALC@depth=\count306
\ALC@tlm=\skip72
\algorithmicindent=\skip73
) (C:\Users\dhl\AppData\Local\Programs\MiKTeX\tex/latex/geometry\geometry.sty
Package: geometry 2020/01/02 v5.9 Page Geometry

(C:\Users\dhl\AppData\Local\Programs\MiKTeX\tex/generic/iftex\ifvtex.sty
Package: ifvtex 2019/10/25 v1.7 ifvtex legacy package. Use iftex instead.

(C:\Users\dhl\AppData\Local\Programs\MiKTeX\tex/generic/iftex\iftex.sty
Package: iftex 2024/12/12 v1.0g TeX engine tests
))
\Gm@cnth=\count307
\Gm@cntv=\count308
\c@Gm@tempcnt=\count309
\Gm@bindingoffset=\dimen174
\Gm@wd@mp=\dimen175
\Gm@odd@mp=\dimen176
\Gm@even@mp=\dimen177
\Gm@layoutwidth=\dimen178
\Gm@layoutheight=\dimen179
\Gm@layouthoffset=\dimen180
\Gm@layoutvoffset=\dimen181
\Gm@dimlist=\toks35

(C:\Users\dhl\AppData\Local\Programs\MiKTeX\tex/latex/geometry\geometry.cfg))
(C:\Users\dhl\AppData\Local\Programs\MiKTeX\tex/latex/titlesec\titlesec.sty
Package: titlesec 2025/01/04 v2.17 Sectioning titles
\ttl@box=\box58
\beforetitleunit=\skip74
\aftertitleunit=\skip75
\ttl@plus=\dimen182
\ttl@minus=\dimen183
\ttl@toksa=\toks36
\titlewidth=\dimen184
\titlewidthlast=\dimen185
\titlewidthfirst=\dimen186
)
(C:\Users\dhl\AppData\Local\Programs\MiKTeX\tex/latex/caption\caption.sty
Package: caption 2023/08/05 v3.6o Customizing captions (AR)

(C:\Users\dhl\AppData\Local\Programs\MiKTeX\tex/latex/caption\caption3.sty
Package: caption3 2023/07/31 v2.4d caption3 kernel (AR)
\caption@tempdima=\dimen187
\captionmargin=\dimen188
\caption@leftmargin=\dimen189
\caption@rightmargin=\dimen190
\caption@width=\dimen191
\caption@indent=\dimen192
\caption@parindent=\dimen193
\caption@hangindent=\dimen194
Package caption Info: Standard document class detected.
)
\c@caption@flags=\count310
\c@continuedfloat=\count311
Package caption Info: float package is loaded.
))
(C:\Users\dhl\AppData\Local\Programs\MiKTeX\tex/latex/hyperref\hyperref.sty
Package: hyperref 2025-07-12 v7.01o Hypertext links for LaTeX

(C:\Users\dhl\AppData\Local\Programs\MiKTeX\tex/latex/kvsetkeys\kvsetkeys.sty
Package: kvsetkeys 2022-10-05 v1.19 Key value parser (HO)
)
(C:\Users\dhl\AppData\Local\Programs\MiKTeX\tex/generic/kvdefinekeys\kvdefineke
ys.sty
Package: kvdefinekeys 2019-12-19 v1.6 Define keys (HO)
)
(C:\Users\dhl\AppData\Local\Programs\MiKTeX\tex/generic/pdfescape\pdfescape.sty
Package: pdfescape 2019/12/09 v1.15 Implements pdfTeX's escape features (HO)
(C:\Users\dhl\AppData\Local\Programs\MiKTeX\tex/generic/ltxcmds\ltxcmds.sty
Package: ltxcmds 2023-12-04 v1.26 LaTeX kernel commands for general use (HO)
)
(C:\Users\dhl\AppData\Local\Programs\MiKTeX\tex/generic/pdftexcmds\pdftexcmds.s
ty
Package: pdftexcmds 2020-06-27 v0.33 Utility functions of pdfTeX for LuaTeX (HO
)

(C:\Users\dhl\AppData\Local\Programs\MiKTeX\tex/generic/infwarerr\infwarerr.sty
Package: infwarerr 2019/12/03 v1.5 Providing info/warning/error messages (HO)
)
Package pdftexcmds Info: \pdf@primitive is available.
Package pdftexcmds Info: \pdf@ifprimitive is available.
Package pdftexcmds Info: \pdfdraftmode found.
)) (C:\Users\dhl\AppData\Local\Programs\MiKTeX\tex/latex/hycolor\hycolor.sty
Package: hycolor 2020-01-27 v1.10 Color options for hyperref/bookmark (HO)
)
(C:\Users\dhl\AppData\Local\Programs\MiKTeX\tex/latex/hyperref\nameref.sty
Package: nameref 2025-06-21 v2.57 Cross-referencing by name of section

(C:\Users\dhl\AppData\Local\Programs\MiKTeX\tex/latex/refcount\refcount.sty
Package: refcount 2019/12/15 v3.6 Data extraction from label references (HO)
)
(C:\Users\dhl\AppData\Local\Programs\MiKTeX\tex/generic/gettitlestring\gettitle
string.sty
Package: gettitlestring 2019/12/15 v1.6 Cleanup title references (HO)

(C:\Users\dhl\AppData\Local\Programs\MiKTeX\tex/latex/kvoptions\kvoptions.sty
Package: kvoptions 2022-06-15 v3.15 Key value format for package options (HO)
))
\c@section@level=\count312
) (C:\Users\dhl\AppData\Local\Programs\MiKTeX\tex/latex/etoolbox\etoolbox.sty
Package: etoolbox 2025/10/02 v2.5m e-TeX tools for LaTeX (JAW)
\etb@tempcnta=\count313
)
(C:\Users\dhl\AppData\Local\Programs\MiKTeX\tex/generic/stringenc\stringenc.sty
Package: stringenc 2019/11/29 v1.12 Convert strings between diff. encodings (HO
)
)
\@linkdim=\dimen195
\Hy@linkcounter=\count314
\Hy@pagecounter=\count315
 (C:\Users\dhl\AppData\Local\Programs\MiKTeX\tex/latex/hyperref\pd1enc.def
File: pd1enc.def 2025-07-12 v7.01o Hyperref: PDFDocEncoding definition (HO)
Now handling font encoding PD1 ...
... no UTF-8 mapping file for font encoding PD1
)
(C:\Users\dhl\AppData\Local\Programs\MiKTeX\tex/generic/intcalc\intcalc.sty
Package: intcalc 2019/12/15 v1.3 Expandable calculations with integers (HO)
)
\Hy@SavedSpaceFactor=\count316

(C:\Users\dhl\AppData\Local\Programs\MiKTeX\tex/latex/hyperref\puenc.def
File: puenc.def 2025-07-12 v7.01o Hyperref: PDF Unicode definition (HO)
Now handling font encoding PU ...
... no UTF-8 mapping file for font encoding PU
)
Package hyperref Info: Option `colorlinks' set `true' on input line 4066.
Package hyperref Info: Hyper figures OFF on input line 4195.
Package hyperref Info: Link nesting OFF on input line 4200.
Package hyperref Info: Hyper index ON on input line 4203.
Package hyperref Info: Plain pages OFF on input line 4210.
Package hyperref Info: Backreferencing OFF on input line 4215.
Package hyperref Info: Implicit mode ON; LaTeX internals redefined.
Package hyperref Info: Bookmarks ON on input line 4462.
\c@Hy@tempcnt=\count317
LaTeX Info: Redefining \url on input line 4801.
\XeTeXLinkMargin=\dimen196

(C:\Users\dhl\AppData\Local\Programs\MiKTeX\tex/generic/bitset\bitset.sty
Package: bitset 2019/12/09 v1.3 Handle bit-vector datatype (HO)

(C:\Users\dhl\AppData\Local\Programs\MiKTeX\tex/generic/bigintcalc\bigintcalc.s
ty
Package: bigintcalc 2019/12/15 v1.5 Expandable calculations on big integers (HO
)
))
\Fld@menulength=\count318
\Field@Width=\dimen197
\Fld@charsize=\dimen198
Package hyperref Info: Hyper figures OFF on input line 6078.
Package hyperref Info: Link nesting OFF on input line 6083.
Package hyperref Info: Hyper index ON on input line 6086.
Package hyperref Info: backreferencing OFF on input line 6093.
Package hyperref Info: Link coloring ON on input line 6096.
Package hyperref Info: Link coloring with OCG OFF on input line 6103.
Package hyperref Info: PDF/A mode OFF on input line 6108.
\Hy@abspage=\count319
\c@Item=\count320
\c@Hfootnote=\count321
)
Package hyperref Info: Driver (autodetected): hpdftex.

(C:\Users\dhl\AppData\Local\Programs\MiKTeX\tex/latex/hyperref\hpdftex.def
File: hpdftex.def 2025-07-12 v7.01o Hyperref driver for pdfTeX
\Fld@listcount=\count322
\c@bookmark@seq@number=\count323

(C:\Users\dhl\AppData\Local\Programs\MiKTeX\tex/latex/rerunfilecheck\rerunfilec
heck.sty
Package: rerunfilecheck 2025-06-21 v1.11 Rerun checks for auxiliary files (HO)

(C:\Users\dhl\AppData\Local\Programs\MiKTeX\tex/generic/uniquecounter\uniquecou
nter.sty
Package: uniquecounter 2019/12/15 v1.4 Provide unlimited unique counter (HO)
)
Package uniquecounter Info: New unique counter `rerunfilecheck' on input line 2
84.
)
\Hy@SectionHShift=\skip76
)
LaTeX Font Info:    Trying to load font information for OT1+ptm on input line 1
4.

(C:\Users\dhl\AppData\Local\Programs\MiKTeX\tex/latex/psnfss\ot1ptm.fd
File: ot1ptm.fd 2001/06/04 font definitions for OT1/ptm.
)
(C:\Users\dhl\AppData\Local\Programs\MiKTeX\tex/latex/l3backend\l3backend-pdfte
x.def
File: l3backend-pdftex.def 2025-06-09 L3 backend support: PDF output (pdfTeX)
\l__color_backend_stack_int=\count324
) (STCS6701_FinalProject_Report_Lewis.aux)
\openout1 = `STCS6701_FinalProject_Report_Lewis.aux'.

LaTeX Font Info:    Checking defaults for OML/cmm/m/it on input line 14.
LaTeX Font Info:    ... okay on input line 14.
LaTeX Font Info:    Checking defaults for OMS/cmsy/m/n on input line 14.
LaTeX Font Info:    ... okay on input line 14.
LaTeX Font Info:    Checking defaults for OT1/cmr/m/n on input line 14.
LaTeX Font Info:    ... okay on input line 14.
LaTeX Font Info:    Checking defaults for T1/cmr/m/n on input line 14.
LaTeX Font Info:    ... okay on input line 14.
LaTeX Font Info:    Checking defaults for TS1/cmr/m/n on input line 14.
LaTeX Font Info:    ... okay on input line 14.
LaTeX Font Info:    Checking defaults for OMX/cmex/m/n on input line 14.
LaTeX Font Info:    ... okay on input line 14.
LaTeX Font Info:    Checking defaults for U/cmr/m/n on input line 14.
LaTeX Font Info:    ... okay on input line 14.
LaTeX Font Info:    Checking defaults for PD1/pdf/m/n on input line 14.
LaTeX Font Info:    ... okay on input line 14.
LaTeX Font Info:    Checking defaults for PU/pdf/m/n on input line 14.
LaTeX Font Info:    ... okay on input line 14.

(C:\Users\dhl\AppData\Local\Programs\MiKTeX\tex/context/base/mkii\supp-pdf.mkii
[Loading MPS to PDF converter (version 2006.09.02).]
\scratchcounter=\count325
\scratchdimen=\dimen199
\scratchbox=\box59
\nofMPsegments=\count326
\nofMParguments=\count327
\everyMPshowfont=\toks37
\MPscratchCnt=\count328
\MPscratchDim=\dimen256
\MPnumerator=\count329
\makeMPintoPDFobject=\count330
\everyMPtoPDFconversion=\toks38
)
(C:\Users\dhl\AppData\Local\Programs\MiKTeX\tex/latex/epstopdf-pkg\epstopdf-bas
e.sty
Package: epstopdf-base 2020-01-24 v2.11 Base part for package epstopdf
Package epstopdf-base Info: Redefining graphics rule for `.eps' on input line 4
85.

(C:\Users\dhl\AppData\Local\Programs\MiKTeX\tex/latex/00miktex\epstopdf-sys.cfg
File: epstopdf-sys.cfg 2021/03/18 v2.0 Configuration of epstopdf for MiKTeX
))
*geometry* driver: auto-detecting
*geometry* detected driver: pdftex
*geometry* verbose mode - [ preamble ] result:
* driver: pdftex
* paper: letterpaper
* layout: <same size as paper>
* layoutoffset:(h,v)=(0.0pt,0.0pt)
* modes: 
* h-part:(L,W,R)=(54.2025pt, 505.89pt, 54.2025pt)
* v-part:(T,H,B)=(72.26999pt, 650.43001pt, 72.26999pt)
* \paperwidth=614.295pt
* \paperheight=794.96999pt
* \textwidth=505.89pt
* \textheight=650.43001pt
* \oddsidemargin=-18.06749pt
* \evensidemargin=-18.06749pt
* \topmargin=-37.0pt
* \headheight=12.0pt
* \headsep=25.0pt
* \topskip=10.0pt
* \footskip=30.0pt
* \marginparwidth=65.0pt
* \marginparsep=11.0pt
* \columnsep=18.06749pt
* \skip\footins=9.0pt plus 4.0pt minus 2.0pt
* \hoffset=0.0pt
* \voffset=0.0pt
* \mag=1000
* \@twocolumnfalse
* \@twosidefalse
* \@mparswitchfalse
* \@reversemarginfalse
* (1in=72.27pt=25.4mm, 1cm=28.453pt)

Package caption Info: Begin \AtBeginDocument code.
Package caption Info: hyperref package is loaded.
Package caption Info: End \AtBeginDocument code.
(C:\Users\dhl\AppData\Local\Programs\MiKTeX\tex/latex/graphics\color.sty
Package: color 2025/01/14 v1.3e Standard LaTeX Color (DPC)

(C:\Users\dhl\AppData\Local\Programs\MiKTeX\tex/latex/graphics-cfg\color.cfg
File: color.cfg 2016/01/02 v1.6 sample color configuration
)
Package color Info: Driver file: pdftex.def on input line 149.

(C:\Users\dhl\AppData\Local\Programs\MiKTeX\tex/latex/graphics\mathcolor.ltx))
Package hyperref Info: Link coloring ON on input line 14.

(STCS6701_FinalProject_Report_Lewis.out)
(STCS6701_FinalProject_Report_Lewis.out)
\@outlinefile=\write3
\openout3 = `STCS6701_FinalProject_Report_Lewis.out'.

LaTeX Font Info:    Trying to load font information for U+msa on input line 30.


(C:\Users\dhl\AppData\Local\Programs\MiKTeX\tex/latex/amsfonts\umsa.fd
File: umsa.fd 2013/01/14 v3.01 AMS symbols A
)
LaTeX Font Info:    Trying to load font information for U+msb on input line 30.


(C:\Users\dhl\AppData\Local\Programs\MiKTeX\tex/latex/amsfonts\umsb.fd
File: umsb.fd 2013/01/14 v3.01 AMS symbols B
)
Underfull \hbox (badness 4556) in paragraph at lines 30--31
\OT1/ptm/m/n/9 spe-cific neigh-bor-hoods. Our strat-egy in-volves
 []


Underfull \hbox (badness 1681) in paragraph at lines 30--31
\OT1/ptm/m/n/9 im-ple-ment-ing a semi-supervised ex-ten-sion of the
 []


Underfull \hbox (badness 10000) in paragraph at lines 30--31
\OT1/ptm/m/n/9 Missing-data Importance-Weighted Au-toen-coder
 []


Underfull \hbox (badness 4454) in paragraph at lines 30--31
\OT1/ptm/m/n/9 (MI-WAE), trained on 120,000 New York City
 []


Underfull \hbox (badness 2057) in paragraph at lines 30--31
\OT1/ptm/m/n/9 prop-er-ties. We em-ploy a mix-ture of Student-$\OML/cmm/m/it/9 
t$
 []


Underfull \hbox (badness 3439) in paragraph at lines 30--31
\OT1/ptm/m/n/9 pro-vid-ing un-cer-tainty es-ti-mates and in-ter-pretable
 []


Underfull \hbox (badness 2253) in paragraph at lines 30--31
\OT1/ptm/m/n/9 la-tent struc-tures. Quan-ti-ta-tively, we bench-mark
 []




Underfull \hbox (badness 7667) in paragraph at lines 45--46
\OT1/ptm/m/n/10 to an-a-lyze assessment-market dy-nam-ics, doc-u-ment-ing
 []


Underfull \hbox (badness 1762) in paragraph at lines 47--48
[] []\OT1/ptm/b/n/10 Ma-chine learn-ing for real es-tate.[] \OT1/ptm/m/n/10 Mod
-ern au-to-mated
 []



[1{C:/Users/dhl/AppData/Local/MiKTeX/fonts/map/pdftex/pdftex.map}{C:/Users/dhl/
AppData/Local/Programs/MiKTeX/fonts/enc/dvips/base/8r.enc}


]
Underfull \hbox (badness 2529) in paragraph at lines 49--50
\OT1/ptm/m/n/10 missing-at-random (MAR) data in deep la-tent vari-able
 []


Underfull \hbox (badness 2005) in paragraph at lines 51--52
\OT1/ptm/m/n/10 Ro-bust re-gres-sion meth-ods ad-dress heavy tails through
 []


Underfull \hbox (badness 10000) in paragraph at lines 53--54
[] []\OT1/ptm/b/n/10 Un-cer-tainty quan-tifi-ca-tion in AVMs.[] \OT1/ptm/m/n/10
 Re-cent work
 []


Underfull \hbox (badness 1210) in paragraph at lines 53--54
\OT1/ptm/m/n/10 ac-count for ge-o-graphic de-pen-dence [[]]. Our ap-proach
 []


Underfull \hbox (badness 1297) in paragraph at lines 53--54
\OT1/ptm/m/n/10 pro-vides na-tive Bayesian un-cer-tainty through the pos-te-
 []



<../images/miwae_graphical_model.png, id=109, 644.4075pt x 409.53pt>
File: ../images/miwae_graphical_model.png Graphic file (type png)
<use ../images/miwae_graphical_model.png>
Package pdftex.def Info: ../images/miwae_graphical_model.png  used on input lin
e 61.
(pdftex.def)             Requested size: 243.91125pt x 155.01062pt.

Underfull \hbox (badness 3323) in paragraph at lines 68--69
\OT1/ptm/m/n/10 mo-dat-ing heavy-tailed and mul-ti-modal la-tent struc-ture,
 []



[2 <../images/miwae_graphical_model.png>]
<../images/latent_space_price.png, id=137, 487.0998pt x 412.4208pt>
File: ../images/latent_space_price.png Graphic file (type png)
<use ../images/latent_space_price.png>
Package pdftex.def Info: ../images/latent_space_price.png  used on input line 8
7.
(pdftex.def)             Requested size: 242.82503pt x 205.59317pt.
<../images/latent_space_bldg.png, id=139, 478.9092pt x 402.7848pt>
File: ../images/latent_space_bldg.png Graphic file (type png)
<use ../images/latent_space_bldg.png>
Package pdftex.def Info: ../images/latent_space_bldg.png  used on input line 89
.
(pdftex.def)             Requested size: 242.82503pt x 204.2252pt.

Underfull \hbox (badness 10000) in paragraph at lines 98--99
\OT1/ptm/m/n/10 Direct maximum-likelihood es-ti-ma-tion is in-tractable,
 []


Underfull \hbox (badness 5802) in paragraph at lines 98--99
\OT1/ptm/m/n/10 so we use amor-tized vari-a-tional in-fer-ence (MI-WAE)
 []


Underfull \hbox (badness 1742) in paragraph at lines 98--99
\OMS/cmsy/m/n/10 N\OT1/cmr/m/n/10 (\OML/cmm/m/it/10 m[]; []\OT1/cmr/m/n/10 (\OM
L/cmm/m/it/10 v[]\OT1/cmr/m/n/10 ))$ \OT1/ptm/m/n/10 ap-prox-i-mates the pos-te
-rior [[]], with
 []




Underfull \hbox (badness 1577) in paragraph at lines 127--128
\OT1/ptm/m/n/10 within 50 epochs; de-tailed di-ag-nos-tics are pro-vided in
 []

<../images/residuals_spatial_map.png, id=147, 294.3798pt x 474.573pt>
File: ../images/residuals_spatial_map.png Graphic file (type png)
<use ../images/residuals_spatial_map.png>
Package pdftex.def Info: ../images/residuals_spatial_map.png  used on input lin
e 137.
(pdftex.def)             Requested size: 146.34824pt x 235.93178pt.
LaTeX Font Info:    Trying to load font information for TS1+ptm on input line 1
47.
(C:\Users\dhl\AppData\Local\Programs\MiKTeX\tex/latex/psnfss\ts1ptm.fd
File: ts1ptm.fd 2001/06/04 font definitions for TS1/ptm.
)
Underfull \hbox (badness 1057) in paragraph at lines 166--167
\OT1/ptm/m/n/10 per-for-mance, the dis-tri-bu-tion ex-hibits heavy up-per tails
,
 []


Underfull \hbox (badness 1454) in paragraph at lines 166--167
\OT1/ptm/m/n/10 with ex-treme de-vi-a-tions ex-tend-ing far be-yond Gaus-sian
 []



[3]


Underfull \hbox (badness 1688) in paragraph at lines 178--179
\OT1/ptm/m/n/10 Heights, while over-prediction (blue) clus-ters in lower-
 []



[4 <../images/latent_space_price.png> <../images/latent_space_bldg.png> <../ima
ges/residuals_spatial_map.png>]


Underfull \hbox (badness 2158) in paragraph at lines 203--204
[]\OT1/ptm/m/n/10 Gneiting, T., Bal-ab-daoui, F., and Raftery, A. E.
 []



[5]



[6

]
<../images/coverage_by_sale_year.png, id=198, 713.064pt x 352.6776pt>
File: ../images/coverage_by_sale_year.png Graphic file (type png)
<use ../images/coverage_by_sale_year.png>
Package pdftex.def Info: ../images/coverage_by_sale_year.png  used on input lin
e 233.
(pdftex.def)             Requested size: 404.71353pt x 200.17267pt.
<../images/convergence_loss.png, id=201, 503.481pt x 347.8596pt>
File: ../images/convergence_loss.png Graphic file (type png)
<use ../images/convergence_loss.png>
Package pdftex.def Info: ../images/convergence_loss.png  used on input line 244
.
(pdftex.def)             Requested size: 303.53708pt x 209.72057pt.
<../images/residuals_hist_references.png, id=203, 568.0422pt x 346.896pt>
File: ../images/residuals_hist_references.png Graphic file (type png)
<use ../images/residuals_hist_references.png>
Package pdftex.def Info: ../images/residuals_hist_references.png  used on input
 line 256.
(pdftex.def)             Requested size: 227.64894pt x 139.02058pt.
<../images/miwae_residuals_qq.png, id=204, 335.3328pt x 340.3917pt>
File: ../images/miwae_residuals_qq.png Graphic file (type png)
<use ../images/miwae_residuals_qq.png>
Package pdftex.def Info: ../images/miwae_residuals_qq.png  used on input line 2
57.
(pdftex.def)             Requested size: 227.64894pt x 231.08412pt.


[7


 <../images/coverage_by_sale_year.png> <../images/convergence_loss.png>]
<../images/residuals_by_bldg_class.png, id=213, 857.604pt x 510.708pt>
File: ../images/residuals_by_bldg_class.png Graphic file (type png)
<use ../images/residuals_by_bldg_class.png>
Package pdftex.def Info: ../images/residuals_by_bldg_class.png  used on input l
ine 264.
(pdftex.def)             Requested size: 354.12144pt x 210.88005pt.


LaTeX Warning: `h' float specifier changed to `ht'.

<../images/residuals_vs_pred_bias.png, id=214, 568.524pt x 315.579pt>
File: ../images/residuals_vs_pred_bias.png Graphic file (type png)
<use ../images/residuals_vs_pred_bias.png>
Package pdftex.def Info: ../images/residuals_vs_pred_bias.png  used on input li
ne 271.
(pdftex.def)             Requested size: 242.82503pt x 134.78621pt.
<../images/residuals_standardized_vs_pred.png, id=215, 568.524pt x 344.487pt>
File: ../images/residuals_standardized_vs_pred.png Graphic file (type png)
<use ../images/residuals_standardized_vs_pred.png>
Package pdftex.def Info: ../images/residuals_standardized_vs_pred.png  used on 
input line 272.
(pdftex.def)             Requested size: 242.82503pt x 147.13304pt.

LaTeX Warning: `h' float specifier changed to `ht'.

<../images/latent_space_density.png, id=221, 480.8364pt x 381.5856pt>
File: ../images/latent_space_density.png Graphic file (type png)
<use ../images/latent_space_density.png>
Package pdftex.def Info: ../images/latent_space_density.png  used on input line
 285.
(pdftex.def)             Requested size: 242.82503pt x 192.7021pt.
<../images/latent_space_price_hexbin.png, id=222, 487.0998pt x 381.5856pt>
File: ../images/latent_space_price_hexbin.png Graphic file (type png)
<use ../images/latent_space_price_hexbin.png>
Package pdftex.def Info: ../images/latent_space_price_hexbin.png  used on input
 line 286.
(pdftex.def)             Requested size: 242.82503pt x 190.22171pt.

LaTeX Warning: `h' float specifier changed to `ht'.

<../images/latent_marginals.png, id=223, 567.0786pt x 259.2084pt>
File: ../images/latent_marginals.png Graphic file (type png)
<use ../images/latent_marginals.png>
Package pdftex.def Info: ../images/latent_marginals.png  used on input line 293
.
(pdftex.def)             Requested size: 404.71353pt x 184.9964pt.

LaTeX Warning: `h' float specifier changed to `ht'.



[8 <../images/residuals_hist_references.png> <../images/miwae_residuals_qq.png>
]

[9 <../images/residuals_by_bldg_class.png> <../images/residuals_vs_pred_bias.pn
g> <../images/residuals_standardized_vs_pred.png>]

[10 <../images/latent_space_density.png> <../images/latent_space_price_hexbin.p
ng> <../images/latent_marginals.png>] (STCS6701_FinalProject_Report_Lewis.aux)
 ***********
LaTeX2e <2025-06-01> patch level 1
L3 programming layer <2025-09-02>
 ***********
Package rerunfilecheck Info: File `STCS6701_FinalProject_Report_Lewis.out' has 
not changed.
(rerunfilecheck)             Checksum: 56DB889307782C7150777EAB9C2A8E72;2286.
 ) 
Here is how much of TeX's memory you used:
 13270 strings out of 468081
 213708 string characters out of 5426756
 638386 words of memory out of 5000000
 41691 multiletter control sequences out of 15000+600000
 650229 words of font info for 84 fonts, out of 8000000 for 9000
 1141 hyphenation exceptions out of 8191
 75i,21n,79p,1353b,574s stack positions out of 10000i,1000n,20000p,200000b,200000s
<C:/Users/dhl/AppData/Local/Programs/MiKTeX/fonts/type1/public/amsfonts/cm/cm
ex10.pfb><C:/Users/dhl/AppData/Local/Programs/MiKTeX/fonts/type1/public/amsfont
s/cm/cmmi10.pfb><C:/Users/dhl/AppData/Local/Programs/MiKTeX/fonts/type1/public/
amsfonts/cm/cmmi5.pfb><C:/Users/dhl/AppData/Local/Programs/MiKTeX/fonts/type1/p
ublic/amsfonts/cm/cmmi7.pfb><C:/Users/dhl/AppData/Local/Programs/MiKTeX/fonts/t
ype1/public/amsfonts/cm/cmmi9.pfb><C:/Users/dhl/AppData/Local/Programs/MiKTeX/f
onts/type1/public/amsfonts/cm/cmr10.pfb><C:/Users/dhl/AppData/Local/Programs/Mi
KTeX/fonts/type1/public/amsfonts/cm/cmr5.pfb><C:/Users/dhl/AppData/Local/Progra
ms/MiKTeX/fonts/type1/public/amsfonts/cm/cmr7.pfb><C:/Users/dhl/AppData/Local/P
rograms/MiKTeX/fonts/type1/public/amsfonts/cm/cmsy10.pfb><C:/Users/dhl/AppData/
Local/Programs/MiKTeX/fonts/type1/public/amsfonts/cm/cmsy7.pfb><C:/Users/dhl/Ap
pData/Local/Programs/MiKTeX/fonts/type1/public/amsfonts/cm/cmtt9.pfb><C:/Users/
dhl/AppData/Local/Programs/MiKTeX/fonts/type1/public/amsfonts/symbols/msbm10.pf
b><C:/Users/dhl/AppData/Local/Programs/MiKTeX/fonts/type1/public/amsfonts/symbo
ls/msbm7.pfb><C:/Users/dhl/AppData/Local/Programs/MiKTeX/fonts/type1/urw/times/
utmb8a.pfb><C:/Users/dhl/AppData/Local/Programs/MiKTeX/fonts/type1/urw/times/ut
mr8a.pfb><C:/Users/dhl/AppData/Local/Programs/MiKTeX/fonts/type1/urw/times/utmr
i8a.pfb>
Output written on STCS6701_FinalProject_Report_Lewis.pdf (10 pages, 2418008 byt
es).
PDF statistics:
 336 PDF objects out of 1000 (max. 8388607)
 74 named destinations out of 1000 (max. 500000)
 207 words of extra memory for PDF output out of 10000 (max. 10000000)

